 ****** HSPICE -- E-2010.12 32-BIT (Nov 20 2010) winnt ******                   
  Copyright (C) 2010 Synopsys, Inc. All Rights Reserved.                        
  Unpublished-rights reserved under US copyright laws.
  This program is protected by law and is subject to the
  terms and conditions of the license agreement from Synopsys.
  Use of this program is your acceptance to be bound by the
  license agreement. HSPICE is the trademark of Synopsys, Inc.
  Input File: c:\users\junio\vscode\pcie_serdes\cml_driver_018.sp               
  Command line options: -i c:\users\junio\vscode\pcie_serdes\cml_driver_018.sp -o c:\users\junio\vscode\pcie_serdes\cml_driver_018.lis
  lic:  
  lic: FLEXlm: v10.8 
  lic: USER:   junio                HOSTNAME: LAPTOP-3R2P9I5V 
  lic: HOSTID: "ec3a56096031 b4e25b77dbaf 00e04c6803f1 00ffdda35f06 ec3a56096030
  
  lic: Using FLEXlm license file: 
  lic: 27000@localhost 
  lic: Checkout 1 hspice 
  lic: License/Maintenance for hspice will expire on 31-dec-2028/2008.120 
  lic: 1(in_use)/999(total) FLOATING license(s) on SERVER localhost 
  lic:   
 Init: read install configuration file: C:\synopsys\Hspice_E-2010.12\meta.cfg
 scientific notation:
 a=10**-18  f=10**-15  p=10**-12  n=10**-9  u=10**-6
 m=10**-3   k=10**3    x=10**6    g=10**9 


 circuit parameter definitions
  parameter          =  value 

     0:dtox_n_18                                               = 0.000e+00      
     0:dxl_n_18                                                = 0.000e+00      
     0:dxw_n_18                                                = 0.000e+00      
     0:dvth0_n_18                                              = 0.000e+00      
     0:du0_n_18                                                = 0.000e+00      
     0:dlvth0_n_18                                             = 0.000e+00      
     0:dwvth0_n_18                                             = 0.000e+00      
     0:dwu0_n_18                                               = 0.000e+00      
     0:dpvth0_n_18                                             = 0.000e+00      
     0:dpvsat_n_18                                             = 0.000e+00      
     0:dcgdo_n_18                                              = 0.000e+00      
     0:dcgso_n_18                                              = 0.000e+00      
     0:dcj_n_18                                                = 0.000e+00      
     0:dcjsw_n_18                                              = 0.000e+00      
     0:dcjgate_n_18                                            = 0.000e+00      
     0:dtox_p_18                                               = 0.000e+00      
     0:du0_p_18                                                = 0.000e+00      
     0:dxl_p_18                                                = 0.000e+00      
     0:dxw_p_18                                                = 0.000e+00      
     0:dvth0_p_18                                              = 0.000e+00      
     0:dlvth0_p_18                                             = 0.000e+00      
     0:dwvth0_p_18                                             = 0.000e+00      
     0:dpvth0_p_18                                             = 0.000e+00      
     0:dcgdo_p_18                                              = 0.000e+00      
     0:dpvsat_p_18                                             = 0.000e+00      
     0:dcgso_p_18                                              = 0.000e+00      
     0:dcj_p_18                                                = 0.000e+00      
     0:dcjsw_p_18                                              = 0.000e+00      
     0:dcjgate_p_18                                            = 0.000e+00      
     0:dtox_n_bpw_18                                           = 0.000e+00      
     0:dxl_n_bpw_18                                            = 0.000e+00      
     0:dxw_n_bpw_18                                            = 0.000e+00      
     0:dvth0_n_bpw_18                                          = 0.000e+00      
     0:du0_n_bpw_18                                            = 0.000e+00      
     0:dlvth0_n_bpw_18                                         = 0.000e+00      
     0:dwvth0_n_bpw_18                                         = 0.000e+00      
     0:dwu0_n_bpw_18                                           = 0.000e+00      
     0:dpvth0_n_bpw_18                                         = 0.000e+00      
     0:dpvsat_n_bpw_18                                         = 0.000e+00      
     0:dcgdo_n_bpw_18                                          = 0.000e+00      
     0:dcgso_n_bpw_18                                          = 0.000e+00      
     0:dcj_n_bpw_18                                            = 0.000e+00      
     0:dcjsw_n_bpw_18                                          = 0.000e+00      
     0:dcjgate_n_bpw_18                                        = 0.000e+00      
     0:dtox_n_33                                               = 0.000e+00      
     0:dlint_n_33                                              = 0.000e+00      
     0:dwint_n_33                                              = 0.000e+00      
     0:dvth0_n_33                                              = 0.000e+00      
     0:dcgdo_n_33                                              = 0.000e+00      
     0:dcgso_n_33                                              = 0.000e+00      
     0:dtox_p_33                                               = 0.000e+00      
     0:dlint_p_33                                              = 0.000e+00      
     0:dwint_p_33                                              = 0.000e+00      
     0:dvth0_p_33                                              = 0.000e+00      
     0:dcgdo_p_33                                              = 0.000e+00      
     0:dcgso_p_33                                              = 0.000e+00      
     0:dtox_n_bpw_33                                           = 0.000e+00      
     0:dlint_n_bpw_33                                          = 0.000e+00      
     0:dwint_n_bpw_33                                          = 0.000e+00      
     0:dvth0_n_bpw_33                                          = 0.000e+00      
     0:dcgdo_n_bpw_33                                          = 0.000e+00      
     0:dcgso_n_bpw_33                                          = 0.000e+00      
     0:dtox_n_lv_18                                            = 0.000e+00      
     0:dlint_n_lv_18                                           = 0.000e+00      
     0:dwint_n_lv_18                                           = 0.000e+00      
     0:dvth0_n_lv_18                                           = 0.000e+00      
     0:dcgdo_n_lv_18                                           = 0.000e+00      
     0:dcgso_n_lv_18                                           = 0.000e+00      
     0:dtox_p_lv_18                                            = 0.000e+00      
     0:dlint_p_lv_18                                           = 0.000e+00      
     0:dwint_p_lv_18                                           = 0.000e+00      
     0:dvth0_p_lv_18                                           = 0.000e+00      
     0:dcgdo_p_lv_18                                           = 0.000e+00      
     0:dcgso_p_lv_18                                           = 0.000e+00      
     0:dtox_n_lv_33                                            = 0.000e+00      
     0:dlint_n_lv_33                                           = 0.000e+00      
     0:dwint_n_lv_33                                           = 0.000e+00      
     0:dvth0_n_lv_33                                           = 0.000e+00      
     0:dcgdo_n_lv_33                                           = 0.000e+00      
     0:dcgso_n_lv_33                                           = 0.000e+00      
     0:dtox_p_lv_33                                            = 0.000e+00      
     0:dlint_p_lv_33                                           = 0.000e+00      
     0:dwint_p_lv_33                                           = 0.000e+00      
     0:dvth0_p_lv_33                                           = 0.000e+00      
     0:dcgdo_p_lv_33                                           = 0.000e+00      
     0:dcgso_p_lv_33                                           = 0.000e+00      
     0:dtox_n_zero_18                                          = 0.000e+00      
     0:dlint_n_zero_18                                         = 0.000e+00      
     0:dwint_n_zero_18                                         = 0.000e+00      
     0:dvth0_n_zero_18                                         = 0.000e+00      
     0:dcgdo_n_zero_18                                         = 0.000e+00      
     0:dcgso_n_zero_18                                         = 0.000e+00      
     0:dtox_n_zero_33                                          = 0.000e+00      
     0:dlint_n_zero_33                                         = 0.000e+00      
     0:dwint_n_zero_33                                         = 0.000e+00      
     0:dvth0_n_zero_33                                         = 0.000e+00      
     0:dcgdo_n_zero_33                                         = 0.000e+00      
     0:dcgso_n_zero_33                                         = 0.000e+00      
     0:drend_rnnpo                                             = 0.000e+00      
     0:drs_rnnpo                                               = 0.000e+00      
     0:ddw_rnnpo                                               = 0.000e+00      
     0:drend_rnppo                                             = 0.000e+00      
     0:drs_rnppo                                               = 0.000e+00      
     0:ddw_rnppo                                               = 0.000e+00      
     0:drend_rnhr1000                                          = 0.000e+00      
     0:drs_rnhr1000                                            = 0.000e+00      
     0:ddw_rnhr1000                                            = 0.000e+00      
     0:vod_max                                                 =-1.235e-29      
     0:vod_min                                                 =-1.235e-29      
     0:vod_p2p                                                 =-1.235e-29      




 constants  - tnom         kt           vt           gapsi        ni
            2.9815e+02   4.1163e-21   2.5692e-02   1.1156e+00   1.2565e+16 
  **info** (c:\users\junio\vscode\pcie_serdes\cml_driver_018.sp:16) DC voltage reset to initial transient source value              in source        0:vin_p               new dc= -0.4000D+00
 ***************************************************************************
 ***        model parameters  model name:   0:n_18.1   model type:nmos   ***
 ***************************************************************************

   *** general parameters ***
    deriv=   0.           

   ***  level 49  model parameters  ***

       hspver=    2006.03               level=         49         
      version=        3.2            paramchk=          0         
       apwarn=          1                lite=          0         
       vgslim=          0             binUnit=          1         
       capMod=          2               xpart=          1         
       mobMod=          1              nqsMod=          0         
       stiMod=          0                 elm=          5         
     sfvtflag=          0                 tox=   4.2e-009 meter   
           xj=   1.6e-007 meter       binflag=          0         
         lmin=   1.8e-007 meter          lmax=     5e-005 meter   
         wmin=   2.5e-007 meter          wmax=     0.0001 meter   
         lref=          0 meter          wref=          0 meter   
         lint= 1.587e-008 meter          wint= 1.022e-008 meter   
        lmult=          1               wmult=          1         
           ll=-1.062e-015                 lln=          1         
           lw= 2.996e-015                 lwn=          1         
          lwl=          0                  wl=          0         
          wln=          1                  ww= 7.262e-016         
          wwn=          1                 wwl=          0         
          dwg=-3.396e-009 m/V             dwb= 1.346e-009 m/V^1/2 
           xl= -1.05e-008                  xw=          0         
           a0=       1.93                 ags=     0.5072 V^-1    
           b0= 1.486e-006 meter            b1= 9.064e-006 meter   
         keta=    0.01752 V^-1           voff=    -0.1088 V       
        ngate=     1e+023 cm^-3           vbx=          0 V       
          vbm=         -3 V                xt=  1.55e-007 meter   
         vth0=     0.3075 V               nch=3.7446e+017 cm^-3   
         nsub=     6e+016 cm^-3           nlx= 4.279e-007 meter   
       gamma1=          0 V^-1/2       gamma2=          0 V^-1/2  
           k1=     0.4578 V^1/2            k2=   -0.02638         
           k3=     -10.88                 k3b=     0.2379 V^-1    
           w0=-8.813e-008 meter          dvt0=     0.4042         
         dvt1=     0.3237                dvt2=    -0.8602 V^-1    
        dvt0w=      0.383 meter^-1      dvt1w=     600000 meter^-1
        dvt2w=     -0.025 V^-1           dsub=   0.001592         
         eta0=   0.001004                etab=  -0.001459 V^-1    
           u0=      324.1 cm^2/V/sec         ua=-9.201e-010 m/V     
           ub= 1.907e-018 (m/V)^2          uc= 4.355e-011 V^-1    
         vsat=      72580 m/sec            a1=          0 v^-1    
           a2=          1               delta=       0.01 V       
         rdsw=      4.905 ohm-um         prwg=          0 V^-1    
         prwb=          0 V^-1/2           wr=          1         
         pclm=      1.091             pdiblc1=   0.003061         
      pdiblc2=     1e-006             pdiblcb=          0 V^-1    
       pscbe1= 4.866e+008 V/m          pscbe2=   2.8e-007 V/m     
        drout=   0.001592                pvag=    -0.2958         
      nfactor=      1.038                cdsc=   0.002275 f/m^2   
        cdscb=  0.0008241 f/V/m^2       cdscd=    -0.0005 f/V/m^2 
          cit=  -0.001511 f/m^2        alpha0=          0 m/V     
        beta0=         30 V               dlc=     4e-008 meter   
          dwc=          0 meter           clc=     1e-007 meter   
          cle=        0.6                cgso=  2.35e-010 f/m     
         cgdo=  2.35e-010 f/m            cgbo=          0 f/m     
         cgsl=          0 f/m            cgdl=          0 f/m     
       ckappa=        0.6                  cf= 1.533e-010 f/m     
         acde=          1 m/V            moin=         15 V^1/2   
         toxm=   4.2e-009 m            dtoxcv=          0 m       
          vfb (not used)                alpha1=          0 1/V     
         ijth=          0 A              noff=          1         
       voffcv=          0                 tcj=          0 1/K     
        tcjsw=          0 1/K          tcjswg=          0 1/K     
          tpb=          0 V/K           tpbsw=          0 V/K     
       tpbswg=          0 V/K             llc= -6.64e-015         
          lwc=          0                lwlc=          0         
          wlc=          0                 wwc=          0         
         wwlc=          0                tnom=     298.15 K       
          kt1=    -0.2255 V              kt1l=-4.275e-009         
          kt2=   -0.02527                 ute=     -1.186         
          ua1= 2.253e-009 m/V             ub1=-2.673e-018 (m/V)^2 
          uc1=-3.832e-011 m/V^2            at=      14490 m/s     
          prt=     -10.18         
          using Berkeley noise model       noiMod=          1         
         noia=     1e+020                noib=      50000         
         noic=  -1.4e-012                  em=   4.2e+007         
           ef=          1                  af=          1         
           kf=          0              gdsnoi=-1.23457e-029         
          using Hspice diodes            using ACM 
          acm=         3                 hdif=  2.6e-007 meter    
         ldif=    8e-008 meter             js=    1e-006 amp/m^2  
          jsw=    7e-011 amp/m            xti=         3          
            n=         1                   cj=   0.00103 f/m^2    
           mj=     0.443                   pb=     0.823 V        
         cjsw= 1.34e-010 f/m             mjsw=      0.33          
          php=      0.88 V               pbsw (not used)           
       cjgate=    5e-010 f/m            cjswg (not used)           
        mjswg (not used)                 pbswg (not used)           
          la0=    -0.4667                lags=     0.3028         
        lketa=   -0.01942               lvoff=  -0.004208         
        lvth0=     -0.001                lnlx=-2.854e-008         
        leta0=   0.001574            lpdiblc2=  -0.004752         
          wa0=   -0.04731                wags=   0.004242         
        wvoff= -0.0004078               wvth0=    0.06027         
          wu0=       0.54                 wua= -1.88e-011         
        wvsat=       5066                wute=    0.06373         
          wat=       7067                 pa0=   -0.02649         
        pvoff= -0.0003788                 pw0=   1.3e-009         
          pub=   3.8e-020         
  **error** (c:\users\junio\vscode\pcie_serdes\cml_driver_018.sp:26) Reference n_18 not found, or instance width or length does not fit into the wmax/wmin or lmax/lmin range.  It was referenced in element m3. The channel width=   1.200E-04 and length=   3.600E-07 .Please enter channel width  and length that do not exceed the referenced maximal area Lmax=   5.000E-05 Lmin=   1.800E-07 Wmax=   1.000E-04 Wmin=   2.500E-07
  **warning** PSF format is not supported on this platform.

          ***** job aborted
1****** HSPICE -- E-2010.12 32-BIT (Nov 20 2010) winnt ******                   
 ******  
 * =======================================================================

  ******  job statistics summary tnom=  25.000 temp=  25.000 *****

  ******  HSPICE Threads Information  ******

  Command Line Threads Count                  :     1
  Available CPU Count                         :    16
  Actual Model Evaluation(Load) Threads Count :     1
  Actual Solver Threads Count                 :     1


  ******  Circuit Statistics  ******
  # nodes       =      14 # elements   =      13
  # resistors   =       2 # capacitors =       2 # inductors   =       0
  # mutual_inds =       0 # vccs       =       0 # vcvs        =       0
  # cccs        =       0 # ccvs       =       0 # volt_srcs   =       6
  # curr_srcs   =       0 # diodes     =       0 # bjts        =       0
  # jfets       =       0 # mosfets    =       3 # U elements  =       0
  # T elements  =       0 # W elements =       0 # B elements  =       0
  # S elements  =       0 # P elements =       0 # va device   =       0
  # vector_srcs =       0


  ******  Runtime Statistics (seconds)  ******

  analysis           time    # points   tot. iter  conv.iter
  op point           0.00           1           0
  transient          0.00       10001           0           0 rev=         0
  readin             0.06
  errchk             0.00
  setup              0.00
  output             0.00


           total memory used          178  kbytes
           total cpu time            0.07 seconds
           total elapsed time        0.12 seconds
           job started at     23:13:55 08/03/2026
           job ended   at     23:13:55 08/03/2026


  lic: Release hspice token(s) 
