 ****** HSPICE -- E-2010.12 32-BIT (Nov 20 2010) winnt ******                   
  Copyright (C) 2010 Synopsys, Inc. All Rights Reserved.                        
  Unpublished-rights reserved under US copyright laws.
  This program is protected by law and is subject to the
  terms and conditions of the license agreement from Synopsys.
  Use of this program is your acceptance to be bound by the
  license agreement. HSPICE is the trademark of Synopsys, Inc.
  Input File: c:\users\junio\vscode\pcie_serdes\sampler_018.sp                  
  Command line options: -i c:\users\junio\vscode\pcie_serdes\sampler_018.sp -o c:\users\junio\vscode\pcie_serdes\sampler_018.lis
  lic:  
  lic: FLEXlm: v10.8 
  lic: USER:   junio                HOSTNAME: LAPTOP-3R2P9I5V 
  lic: HOSTID: "ec3a56096031 b4e25b77dbaf 00e04c6803f1 00ffdda35f06 ec3a56096030
  
  lic: Using FLEXlm license file: 
  lic: 27000@localhost 
  lic: Checkout 1 hspice 
  lic: License/Maintenance for hspice will expire on 31-dec-2028/2008.120 
  lic: 1(in_use)/999(total) FLOATING license(s) on SERVER localhost 
  lic:   
 Init: read install configuration file: C:\synopsys\Hspice_E-2010.12\meta.cfg
 scientific notation:
 a=10**-18  f=10**-15  p=10**-12  n=10**-9  u=10**-6
 m=10**-3   k=10**3    x=10**6    g=10**9 


 circuit parameter definitions
  parameter          =  value 

     0:dtox_n_18                                               = 0.000e+00      
     0:dxl_n_18                                                = 0.000e+00      
     0:dxw_n_18                                                = 0.000e+00      
     0:dvth0_n_18                                              = 0.000e+00      
     0:du0_n_18                                                = 0.000e+00      
     0:dlvth0_n_18                                             = 0.000e+00      
     0:dwvth0_n_18                                             = 0.000e+00      
     0:dwu0_n_18                                               = 0.000e+00      
     0:dpvth0_n_18                                             = 0.000e+00      
     0:dpvsat_n_18                                             = 0.000e+00      
     0:dcgdo_n_18                                              = 0.000e+00      
     0:dcgso_n_18                                              = 0.000e+00      
     0:dcj_n_18                                                = 0.000e+00      
     0:dcjsw_n_18                                              = 0.000e+00      
     0:dcjgate_n_18                                            = 0.000e+00      
     0:dtox_p_18                                               = 0.000e+00      
     0:du0_p_18                                                = 0.000e+00      
     0:dxl_p_18                                                = 0.000e+00      
     0:dxw_p_18                                                = 0.000e+00      
     0:dvth0_p_18                                              = 0.000e+00      
     0:dlvth0_p_18                                             = 0.000e+00      
     0:dwvth0_p_18                                             = 0.000e+00      
     0:dpvth0_p_18                                             = 0.000e+00      
     0:dcgdo_p_18                                              = 0.000e+00      
     0:dpvsat_p_18                                             = 0.000e+00      
     0:dcgso_p_18                                              = 0.000e+00      
     0:dcj_p_18                                                = 0.000e+00      
     0:dcjsw_p_18                                              = 0.000e+00      
     0:dcjgate_p_18                                            = 0.000e+00      
     0:dtox_n_bpw_18                                           = 0.000e+00      
     0:dxl_n_bpw_18                                            = 0.000e+00      
     0:dxw_n_bpw_18                                            = 0.000e+00      
     0:dvth0_n_bpw_18                                          = 0.000e+00      
     0:du0_n_bpw_18                                            = 0.000e+00      
     0:dlvth0_n_bpw_18                                         = 0.000e+00      
     0:dwvth0_n_bpw_18                                         = 0.000e+00      
     0:dwu0_n_bpw_18                                           = 0.000e+00      
     0:dpvth0_n_bpw_18                                         = 0.000e+00      
     0:dpvsat_n_bpw_18                                         = 0.000e+00      
     0:dcgdo_n_bpw_18                                          = 0.000e+00      
     0:dcgso_n_bpw_18                                          = 0.000e+00      
     0:dcj_n_bpw_18                                            = 0.000e+00      
     0:dcjsw_n_bpw_18                                          = 0.000e+00      
     0:dcjgate_n_bpw_18                                        = 0.000e+00      
     0:dtox_n_33                                               = 0.000e+00      
     0:dlint_n_33                                              = 0.000e+00      
     0:dwint_n_33                                              = 0.000e+00      
     0:dvth0_n_33                                              = 0.000e+00      
     0:dcgdo_n_33                                              = 0.000e+00      
     0:dcgso_n_33                                              = 0.000e+00      
     0:dtox_p_33                                               = 0.000e+00      
     0:dlint_p_33                                              = 0.000e+00      
     0:dwint_p_33                                              = 0.000e+00      
     0:dvth0_p_33                                              = 0.000e+00      
     0:dcgdo_p_33                                              = 0.000e+00      
     0:dcgso_p_33                                              = 0.000e+00      
     0:dtox_n_bpw_33                                           = 0.000e+00      
     0:dlint_n_bpw_33                                          = 0.000e+00      
     0:dwint_n_bpw_33                                          = 0.000e+00      
     0:dvth0_n_bpw_33                                          = 0.000e+00      
     0:dcgdo_n_bpw_33                                          = 0.000e+00      
     0:dcgso_n_bpw_33                                          = 0.000e+00      
     0:dtox_n_lv_18                                            = 0.000e+00      
     0:dlint_n_lv_18                                           = 0.000e+00      
     0:dwint_n_lv_18                                           = 0.000e+00      
     0:dvth0_n_lv_18                                           = 0.000e+00      
     0:dcgdo_n_lv_18                                           = 0.000e+00      
     0:dcgso_n_lv_18                                           = 0.000e+00      
     0:dtox_p_lv_18                                            = 0.000e+00      
     0:dlint_p_lv_18                                           = 0.000e+00      
     0:dwint_p_lv_18                                           = 0.000e+00      
     0:dvth0_p_lv_18                                           = 0.000e+00      
     0:dcgdo_p_lv_18                                           = 0.000e+00      
     0:dcgso_p_lv_18                                           = 0.000e+00      
     0:dtox_n_lv_33                                            = 0.000e+00      
     0:dlint_n_lv_33                                           = 0.000e+00      
     0:dwint_n_lv_33                                           = 0.000e+00      
     0:dvth0_n_lv_33                                           = 0.000e+00      
     0:dcgdo_n_lv_33                                           = 0.000e+00      
     0:dcgso_n_lv_33                                           = 0.000e+00      
     0:dtox_p_lv_33                                            = 0.000e+00      
     0:dlint_p_lv_33                                           = 0.000e+00      
     0:dwint_p_lv_33                                           = 0.000e+00      
     0:dvth0_p_lv_33                                           = 0.000e+00      
     0:dcgdo_p_lv_33                                           = 0.000e+00      
     0:dcgso_p_lv_33                                           = 0.000e+00      
     0:dtox_n_zero_18                                          = 0.000e+00      
     0:dlint_n_zero_18                                         = 0.000e+00      
     0:dwint_n_zero_18                                         = 0.000e+00      
     0:dvth0_n_zero_18                                         = 0.000e+00      
     0:dcgdo_n_zero_18                                         = 0.000e+00      
     0:dcgso_n_zero_18                                         = 0.000e+00      
     0:dtox_n_zero_33                                          = 0.000e+00      
     0:dlint_n_zero_33                                         = 0.000e+00      
     0:dwint_n_zero_33                                         = 0.000e+00      
     0:dvth0_n_zero_33                                         = 0.000e+00      
     0:dcgdo_n_zero_33                                         = 0.000e+00      
     0:dcgso_n_zero_33                                         = 0.000e+00      
     0:drend_rnnpo                                             = 0.000e+00      
     0:drs_rnnpo                                               = 0.000e+00      
     0:ddw_rnnpo                                               = 0.000e+00      
     0:drend_rnppo                                             = 0.000e+00      
     0:drs_rnppo                                               = 0.000e+00      
     0:ddw_rnppo                                               = 0.000e+00      
     0:drend_rnhr1000                                          = 0.000e+00      
     0:drs_rnhr1000                                            = 0.000e+00      
     0:ddw_rnhr1000                                            = 0.000e+00      
     0:v_precharge_p                                           =-1.235e-29      
     0:t_latch_delay                                           =-1.235e-29      




 constants  - tnom         kt           vt           gapsi        ni
            2.9815e+02   4.1163e-21   2.5692e-02   1.1156e+00   1.2565e+16 
  **info** (c:\users\junio\vscode\pcie_serdes\sampler_018.sp:15) DC voltage reset to initial transient source value              in source        0:vclk                new dc=  0.0000D+00
 ***************************************************************************
 ***        model parameters  model name:   0:n_18.1   model type:nmos   ***
 ***************************************************************************

   *** general parameters ***
    deriv=   0.           

   ***  level 49  model parameters  ***

       hspver=    2006.03               level=         49         
      version=        3.2            paramchk=          0         
       apwarn=          1                lite=          0         
       vgslim=          0             binUnit=          1         
       capMod=          2               xpart=          1         
       mobMod=          1              nqsMod=          0         
       stiMod=          0                 elm=          5         
     sfvtflag=          0                 tox=   4.2e-009 meter   
           xj=   1.6e-007 meter       binflag=          0         
         lmin=   1.8e-007 meter          lmax=     5e-005 meter   
         wmin=   2.5e-007 meter          wmax=     0.0001 meter   
         lref=          0 meter          wref=          0 meter   
         lint= 1.587e-008 meter          wint= 1.022e-008 meter   
        lmult=          1               wmult=          1         
           ll=-1.062e-015                 lln=          1         
           lw= 2.996e-015                 lwn=          1         
          lwl=          0                  wl=          0         
          wln=          1                  ww= 7.262e-016         
          wwn=          1                 wwl=          0         
          dwg=-3.396e-009 m/V             dwb= 1.346e-009 m/V^1/2 
           xl= -1.05e-008                  xw=          0         
           a0=       1.93                 ags=     0.5072 V^-1    
           b0= 1.486e-006 meter            b1= 9.064e-006 meter   
         keta=    0.01752 V^-1           voff=    -0.1088 V       
        ngate=     1e+023 cm^-3           vbx=          0 V       
          vbm=         -3 V                xt=  1.55e-007 meter   
         vth0=     0.3075 V               nch=3.7446e+017 cm^-3   
         nsub=     6e+016 cm^-3           nlx= 4.279e-007 meter   
       gamma1=          0 V^-1/2       gamma2=          0 V^-1/2  
           k1=     0.4578 V^1/2            k2=   -0.02638         
           k3=     -10.88                 k3b=     0.2379 V^-1    
           w0=-8.813e-008 meter          dvt0=     0.4042         
         dvt1=     0.3237                dvt2=    -0.8602 V^-1    
        dvt0w=      0.383 meter^-1      dvt1w=     600000 meter^-1
        dvt2w=     -0.025 V^-1           dsub=   0.001592         
         eta0=   0.001004                etab=  -0.001459 V^-1    
           u0=      324.1 cm^2/V/sec         ua=-9.201e-010 m/V     
           ub= 1.907e-018 (m/V)^2          uc= 4.355e-011 V^-1    
         vsat=      72580 m/sec            a1=          0 v^-1    
           a2=          1               delta=       0.01 V       
         rdsw=      4.905 ohm-um         prwg=          0 V^-1    
         prwb=          0 V^-1/2           wr=          1         
         pclm=      1.091             pdiblc1=   0.003061         
      pdiblc2=     1e-006             pdiblcb=          0 V^-1    
       pscbe1= 4.866e+008 V/m          pscbe2=   2.8e-007 V/m     
        drout=   0.001592                pvag=    -0.2958         
      nfactor=      1.038                cdsc=   0.002275 f/m^2   
        cdscb=  0.0008241 f/V/m^2       cdscd=    -0.0005 f/V/m^2 
          cit=  -0.001511 f/m^2        alpha0=          0 m/V     
        beta0=         30 V               dlc=     4e-008 meter   
          dwc=          0 meter           clc=     1e-007 meter   
          cle=        0.6                cgso=  2.35e-010 f/m     
         cgdo=  2.35e-010 f/m            cgbo=          0 f/m     
         cgsl=          0 f/m            cgdl=          0 f/m     
       ckappa=        0.6                  cf= 1.533e-010 f/m     
         acde=          1 m/V            moin=         15 V^1/2   
         toxm=   4.2e-009 m            dtoxcv=          0 m       
          vfb (not used)                alpha1=          0 1/V     
         ijth=          0 A              noff=          1         
       voffcv=          0                 tcj=          0 1/K     
        tcjsw=          0 1/K          tcjswg=          0 1/K     
          tpb=          0 V/K           tpbsw=          0 V/K     
       tpbswg=          0 V/K             llc= -6.64e-015         
          lwc=          0                lwlc=          0         
          wlc=          0                 wwc=          0         
         wwlc=          0                tnom=     298.15 K       
          kt1=    -0.2255 V              kt1l=-4.275e-009         
          kt2=   -0.02527                 ute=     -1.186         
          ua1= 2.253e-009 m/V             ub1=-2.673e-018 (m/V)^2 
          uc1=-3.832e-011 m/V^2            at=      14490 m/s     
          prt=     -10.18         
          using Berkeley noise model       noiMod=          1         
         noia=     1e+020                noib=      50000         
         noic=  -1.4e-012                  em=   4.2e+007         
           ef=          1                  af=          1         
           kf=          0              gdsnoi=-1.23457e-029         
          using Hspice diodes            using ACM 
          acm=         3                 hdif=  2.6e-007 meter    
         ldif=    8e-008 meter             js=    1e-006 amp/m^2  
          jsw=    7e-011 amp/m            xti=         3          
            n=         1                   cj=   0.00103 f/m^2    
           mj=     0.443                   pb=     0.823 V        
         cjsw= 1.34e-010 f/m             mjsw=      0.33          
          php=      0.88 V               pbsw (not used)           
       cjgate=    5e-010 f/m            cjswg (not used)           
        mjswg (not used)                 pbswg (not used)           
          la0=    -0.4667                lags=     0.3028         
        lketa=   -0.01942               lvoff=  -0.004208         
        lvth0=     -0.001                lnlx=-2.854e-008         
        leta0=   0.001574            lpdiblc2=  -0.004752         
          wa0=   -0.04731                wags=   0.004242         
        wvoff= -0.0004078               wvth0=    0.06027         
          wu0=       0.54                 wua= -1.88e-011         
        wvsat=       5066                wute=    0.06373         
          wat=       7067                 pa0=   -0.02649         
        pvoff= -0.0003788                 pw0=   1.3e-009         
          pub=   3.8e-020         
 ***************************************************************************
 ***        model parameters  model name:   0:p_18.1   model type:pmos   ***
 ***************************************************************************

   *** general parameters ***
    deriv=   0.           

   ***  level 49  model parameters  ***

       hspver=    2006.03               level=         49         
      version=        3.2            paramchk=          0         
       apwarn=          1                lite=          0         
       vgslim=          0             binUnit=          1         
       capMod=          2               xpart=          1         
       mobMod=          3              nqsMod=          0         
       stiMod=          0                 elm=          5         
     sfvtflag=          0                 tox=   4.2e-009 meter   
           xj=     1e-007 meter       binflag=          0         
         lmin=   1.8e-007 meter          lmax=     5e-005 meter   
         wmin=   2.5e-007 meter          wmax=     0.0001 meter   
         lref=          0 meter          wref=          0 meter   
         lint=-1.041e-008 meter          wint=-1.525e-007 meter   
        lmult=          1               wmult=          1         
           ll= 6.635e-015                 lln=          1         
           lw=-2.873e-016                 lwn=          1         
          lwl=          0                  wl=          0         
          wln=          1                  ww= 1.236e-014         
          wwn=          1                 wwl=          0         
          dwg=-1.251e-007 m/V             dwb=-1.039e-007 m/V^1/2 
           xl=    -2e-009                  xw=          0         
           a0=       1.35                 ags=     0.3818 V^-1    
           b0=-3.088e-007 meter            b1=          0 meter   
         keta=    0.01044 V^-1           voff=    -0.1073 V       
        ngate=     1e+023 cm^-3           vbx=          0 V       
          vbm=         -3 V                xt=  1.55e-007 meter   
         vth0=    -0.4555 V               nch= 6.231e+017 cm^-3   
         nsub=     6e+016 cm^-3           nlx=  2.53e-007 meter   
       gamma1=          0 V^-1/2       gamma2=          0 V^-1/2  
           k1=     0.5704 V^1/2            k2=   0.006973         
           k3=     -2.833                 k3b=      1.326 V^-1    
           w0=-1.943e-007 meter          dvt0=     0.4885         
         dvt1=    0.07578                dvt2=     0.1187 V^-1    
        dvt0w=    -0.1261 meter^-1      dvt1w=      24790 meter^-1
        dvt2w=     0.6915 V^-1           dsub=     1.9191         
         eta0=      1.071                etab=    -0.9291 V^-1    
           u0=      124.5 cm^2/V/sec         ua=  1.54e-009 m/V     
           ub= 2.646e-019 (m/V)^2          uc=   -0.09587 V^-1    
         vsat=      53400 m/sec            a1=          0 v^-1    
           a2=          1               delta=       0.01 V       
         rdsw=      792.1 ohm-um         prwg=          0 V^-1    
         prwb=          0 V^-1/2           wr=          1         
         pclm=      2.653             pdiblc1=          0         
      pdiblc2=     5e-006             pdiblcb=          0 V^-1    
       pscbe1= 4.866e+008 V/m          pscbe2=   2.8e-007 V/m     
        drout=      1.457                pvag=      1.262         
      nfactor=      1.535                cdsc=  0.0007578 f/m^2   
        cdscb=     0.0001 f/V/m^2       cdscd=-2.883e-005 f/V/m^2 
          cit=  -0.001067 f/m^2        alpha0=          0 m/V     
        beta0=         30 V               dlc=  7.01e-008 meter   
          dwc=          0 meter           clc=     1e-007 meter   
          cle=        0.6                cgso= 2.054e-010 f/m     
         cgdo= 2.054e-010 f/m            cgbo=          0 f/m     
         cgsl=          0 f/m            cgdl=          0 f/m     
       ckappa=        0.6                  cf= 1.533e-010 f/m     
         acde=          1 m/V            moin=         15 V^1/2   
         toxm=   4.2e-009 m            dtoxcv=          0 m       
          vfb (not used)                alpha1=          0 1/V     
         ijth=          0 A              noff=          1         
       voffcv=          0                 tcj=          0 1/K     
        tcjsw=          0 1/K          tcjswg=          0 1/K     
          tpb=          0 V/K           tpbsw=          0 V/K     
       tpbswg=          0 V/K             llc= -1.31e-014         
          lwc=          0                lwlc=          0         
          wlc=          0                 wwc=          0         
         wwlc=          0                tnom=     298.15 K       
          kt1=    -0.2294 V              kt1l=-8.204e-009         
          kt2=  -0.009487                 ute=    -0.4484         
          ua1= 4.571e-009 m/V             ub1=-6.026e-018 (m/V)^2 
          uc1=    -0.0985 m/V^2            at=      12030 m/s     
          prt=          0         
          using Berkeley noise model       noiMod=          1         
         noia=     1e+020                noib=      50000         
         noic=  -1.4e-012                  em=   4.2e+007         
           ef=          1                  af=          1         
           kf=          0              gdsnoi=-1.23457e-029         
          using Hspice diodes            using ACM 
          acm=         3                 hdif=  2.6e-007 meter    
         ldif=    8e-008 meter             js=    3e-006 amp/m^2  
          jsw= 4.22e-011 amp/m            xti=         3          
            n=         1                   cj=   0.00124 f/m^2    
           mj=     0.395                   pb=     0.762 V        
         cjsw= 1.74e-010 f/m             mjsw=     0.324          
          php=     0.665 V               pbsw (not used)           
       cjgate= 1.74e-010 f/m            cjswg (not used)           
        mjswg (not used)                 pbswg (not used)           
          la0=     -0.281                lags=    0.04454         
        lketa=     -0.012               lvoff= -0.0009871         
        lvth0=     0.0044                lnlx=-1.584e-008         
          lua=-8.253e-011            lpdiblc2=   0.003012         
          wa0=   -0.04807                wags=   -0.04277         
        wvoff=  -0.009816               wvth0=    -0.0148         
          wua=  2.63e-009               wvsat=     -14200         
        wrdsw=      10.07                wute=    -0.2682         
          wat=      -6405                wprt=      226.6         
          pa0=    0.08661                pags=   -0.04076         
        pvoff=-9.833e-005               pvth0=     0.0032         
          pua= 5.855e-011               pvsat=       -434         
 

1****** HSPICE -- E-2010.12 32-BIT (Nov 20 2010) winnt ******                   
 ******  
 * =======================================================================

  ******  circuit element summary tnom=  25.000 temp=  25.000 *****


 **** independent sources

     name         node1        node2      dc volt    ac mag    ac phase    type
  vdd  vdd               0                  1.800e+00  0.000e+00  0.000e+00 dc   
  vss  vss               0                  0.000e+00  0.000e+00  0.000e+00 dc   
  vclk  clk               0                  0.000e+00  0.000e+00  0.000e+00 pulse
             initial value   0.000e+00
             pulsed value.   1.800e+00
             delay time...   0.000e+00
             risetime.....   3.000e-11
             falltime.....   3.000e-11
             width........   1.700e-10
             period.......   4.000e-10

  vin_p  in_p              0                  9.200e-01  0.000e+00  0.000e+00 dc   
  vin_n  in_n              0                  8.800e-01  0.000e+00  0.000e+00 dc   


 **** mosfets


 **** BSIM3v3 Model (Level49 or Level53)
  
 
                                                                        
 element name        0:m_tail      0:m_in1       0:m_in2       0:m_n1   
 drain               0:node_tai    0:node_l      0:node_r      0:out_n  
 gate                0:clk         0:in_p        0:in_n        0:out_p  
 source              0:vss         0:node_tai    0:node_tai    0:node_l 
 bulk                0:vss         0:vss         0:vss         0:vss    
 model               0:n_18.1      0:n_18.1      0:n_18.1      0:n_18.1 
 w eff             1.598e-05     9.979e-06     9.979e-06     7.979e-06  
 l eff             1.499e-07     1.497e-07     1.497e-07     1.495e-07  
 rd eff            1.300e-01     2.080e-01     2.080e-01     2.600e-01  
 rs eff            1.300e-01     2.080e-01     2.080e-01     2.600e-01  
 cdsat             1.201e-15     7.780e-16     7.780e-16     6.370e-16  
 cssat             1.201e-15     7.780e-16     7.780e-16     6.370e-16  
 capbd             1.885e-14     1.184e-14     1.184e-14     9.496e-15  
 capbs             1.885e-14     1.184e-14     1.184e-14     9.496e-15  
 temp              2.500e+01     2.500e+01     2.500e+01     2.500e+01  
 aic                                                                    
 nf                1.000e+00     1.000e+00     1.000e+00     1.000e+00  
 sa                0.000e+00     0.000e+00     0.000e+00     0.000e+00  
 sb                0.000e+00     0.000e+00     0.000e+00     0.000e+00  
 sd                0.000e+00     0.000e+00     0.000e+00     0.000e+00  
 saeff             0.000e+00     0.000e+00     0.000e+00     0.000e+00  
 sbeff             0.000e+00     0.000e+00     0.000e+00     0.000e+00  
 mulu0             1.000e+00     1.000e+00     1.000e+00     1.000e+00  
 mulua             1.000e+00     1.000e+00     1.000e+00     1.000e+00  
 mulub             1.000e+00     1.000e+00     1.000e+00     1.000e+00  
  
 
                                                                  
 element name        0:m_n2      0:m_p1      0:m_p2      0:m_rst1 
 drain               0:out_p     0:out_n     0:out_p     0:out_n  
 gate                0:out_n     0:out_p     0:out_n     0:clk    
 source              0:node_r    0:vdd       0:vdd       0:vdd    
 bulk                0:vss       0:vdd       0:vdd       0:vdd    
 model               0:n_18.1    0:p_18.1    0:p_18.1    0:p_18.1 
 w eff             7.979e-06   1.230e-05   1.230e-05   6.301e-06  
 l eff             1.495e-07   1.243e-07   1.243e-07   1.244e-07  
 rd eff            2.600e-01   1.733e-01   1.733e-01   3.467e-01  
 rs eff            2.600e-01   1.733e-01   1.733e-01   3.467e-01  
 cdsat             6.370e-16   5.690e-16   5.690e-16   3.064e-16  
 cssat             6.370e-16   5.690e-16   5.690e-16   3.064e-16  
 capbd             9.496e-15   1.209e-14   1.209e-14   6.138e-15  
 capbs             9.496e-15   1.209e-14   1.209e-14   6.138e-15  
 temp              2.500e+01   2.500e+01   2.500e+01   2.500e+01  
 aic                                                              
 nf                1.000e+00   1.000e+00   1.000e+00   1.000e+00  
 sa                0.000e+00   0.000e+00   0.000e+00   0.000e+00  
 sb                0.000e+00   0.000e+00   0.000e+00   0.000e+00  
 sd                0.000e+00   0.000e+00   0.000e+00   0.000e+00  
 saeff             0.000e+00   0.000e+00   0.000e+00   0.000e+00  
 sbeff             0.000e+00   0.000e+00   0.000e+00   0.000e+00  
 mulu0             1.000e+00   1.000e+00   1.000e+00   1.000e+00  
 mulua             1.000e+00   1.000e+00   1.000e+00   1.000e+00  
 mulub             1.000e+00   1.000e+00   1.000e+00   1.000e+00  
  
 
                                                      
 element name        0:m_rst2    0:m_rst3    0:m_rst4 
 drain               0:out_p     0:node_l    0:node_r 
 gate                0:clk       0:clk       0:clk    
 source              0:vdd       0:vdd       0:vdd    
 bulk                0:vdd       0:vdd       0:vdd    
 model               0:p_18.1    0:p_18.1    0:p_18.1 
 w eff             6.301e-06   6.301e-06   6.301e-06  
 l eff             1.244e-07   1.244e-07   1.244e-07  
 rd eff            3.467e-01   3.467e-01   3.467e-01  
 rs eff            3.467e-01   3.467e-01   3.467e-01  
 cdsat             3.064e-16   3.064e-16   3.064e-16  
 cssat             3.064e-16   3.064e-16   3.064e-16  
 capbd             6.138e-15   6.138e-15   6.138e-15  
 capbs             6.138e-15   6.138e-15   6.138e-15  
 temp              2.500e+01   2.500e+01   2.500e+01  
 aic                                                  
 nf                1.000e+00   1.000e+00   1.000e+00  
 sa                0.000e+00   0.000e+00   0.000e+00  
 sb                0.000e+00   0.000e+00   0.000e+00  
 sd                0.000e+00   0.000e+00   0.000e+00  
 saeff             0.000e+00   0.000e+00   0.000e+00  
 sbeff             0.000e+00   0.000e+00   0.000e+00  
 mulu0             1.000e+00   1.000e+00   1.000e+00  
 mulua             1.000e+00   1.000e+00   1.000e+00  
 mulub             1.000e+00   1.000e+00   1.000e+00  
  
 
1****** HSPICE -- E-2010.12 32-BIT (Nov 20 2010) winnt ******                   
 ******  
 * =======================================================================

  ******  element node table
                                                                                      
 0                vdd              vss              vclk             vin_p            
                  vin_n                                                               
 clk              vclk             m_tail:g         m_rst1:g         m_rst2:g         
                  m_rst3:g         m_rst4:g                                           
 in_n             vin_n            m_in2:g                                            
 in_p             vin_p            m_in1:g                                            
 node_l           m_in1:d          m_n1:s           m_rst3:d                          
 node_r           m_in2:d          m_n2:s           m_rst4:d                          
 node_tail        m_tail:d         m_in1:s          m_in2:s                           
 out_n            m_n1:d           m_n2:g           m_p1:d           m_p2:g           
                  m_rst1:d                                                            
 out_p            m_n1:g           m_n2:d           m_p1:g           m_p2:d           
                  m_rst2:d                                                            
 vdd              vdd              m_p1:s           m_p1:b           m_p2:s           
                  m_p2:b           m_rst1:s         m_rst1:b         m_rst2:s         
                  m_rst2:b         m_rst3:s         m_rst3:b         m_rst4:s         
                  m_rst4:b                                                            
 vss              vss              m_tail:s         m_tail:b         m_in1:b          
                  m_in2:b          m_n1:b           m_n2:b                            
 **info** set option symb=1 internally to help for convergence.
 *****************************************************************
 ******  option summary
 ******
 runlvl  = 3         bypass  = 2         
1****** HSPICE -- E-2010.12 32-BIT (Nov 20 2010) winnt ******                   
 ******  
 * =======================================================================

  ******  operating point information tnom=  25.000 temp=  25.000 *****
 ***** operating point status is voltage   simulation time is   0.000e+00
    node    =voltage      node    =voltage      node    =voltage

 +0:clk     = 0.000e+00 0:in_n    = 8.800e-01 0:in_p    = 9.200e-01
 +0:node_l  = 1.800e+00 0:node_r  = 1.800e+00 0:node_tai= 8.101e-01
 +0:out_n   = 1.800e+00 0:out_p   = 1.800e+00 0:vdd     = 1.800e+00
 +0:vss     = 0.000e+00

 ******  
 * =======================================================================

  ******  transient analysis tnom=  25.000 temp=  25.000 *****
   v_precharge_p=  1.7558E+00
   t_latch_delay=  1.6359E-10  targ=  1.7859E-10   trig=  1.5000E-11
  **warning** PSF format is not supported on this platform.

          ***** job concluded
1****** HSPICE -- E-2010.12 32-BIT (Nov 20 2010) winnt ******                   
 ******  
 * =======================================================================

  ******  job statistics summary tnom=  25.000 temp=  25.000 *****

  ******  HSPICE Threads Information  ******

  Command Line Threads Count                  :     1
  Available CPU Count                         :    16
  Actual Model Evaluation(Load) Threads Count :     1
  Actual Solver Threads Count                 :     1


  ******  Circuit Statistics  ******
  # nodes       =      33 # elements   =      16
  # resistors   =       0 # capacitors =       0 # inductors   =       0
  # mutual_inds =       0 # vccs       =       0 # vcvs        =       0
  # cccs        =       0 # ccvs       =       0 # volt_srcs   =       5
  # curr_srcs   =       0 # diodes     =       0 # bjts        =       0
  # jfets       =       0 # mosfets    =      11 # U elements  =       0
  # T elements  =       0 # W elements =       0 # B elements  =       0
  # S elements  =       0 # P elements =       0 # va device   =       0
  # vector_srcs =       0


  ******  Runtime Statistics (seconds)  ******

  analysis           time    # points   tot. iter  conv.iter
  op point           0.00           1          19
  transient          0.04        4001        1220         428 rev=        38
  readin             0.07
  errchk             0.01
  setup              0.02
  output             0.00


           total memory used          214  kbytes
           total cpu time            0.16 seconds
           total elapsed time        0.21 seconds
           job started at     22:30:55 08/03/2026
           job ended   at     22:30:55 08/03/2026


  lic: Release hspice token(s) 
